------------------------------------------------------------
Timing Analyzer Summary
------------------------------------------------------------

Type  : Slow 1100mV 85C Model Setup 'clock'
Slack : -7.306
TNS   : -389.039

Type  : Slow 1100mV 85C Model Hold 'clock'
Slack : 0.520
TNS   : 0.000

Type  : Slow 1100mV 85C Model Minimum Pulse Width 'clock'
Slack : -3.166
TNS   : -178.896

Type  : Slow 1100mV 0C Model Setup 'clock'
Slack : -7.218
TNS   : -388.133

Type  : Slow 1100mV 0C Model Hold 'clock'
Slack : 0.536
TNS   : 0.000

Type  : Slow 1100mV 0C Model Minimum Pulse Width 'clock'
Slack : -3.166
TNS   : -178.826

Type  : Fast 1100mV 85C Model Setup 'clock'
Slack : -2.629
TNS   : -118.090

Type  : Fast 1100mV 85C Model Hold 'clock'
Slack : 0.203
TNS   : 0.000

Type  : Fast 1100mV 85C Model Minimum Pulse Width 'clock'
Slack : -2.174
TNS   : -76.340

Type  : Fast 1100mV 0C Model Setup 'clock'
Slack : -2.274
TNS   : -101.123

Type  : Fast 1100mV 0C Model Hold 'clock'
Slack : 0.192
TNS   : 0.000

Type  : Fast 1100mV 0C Model Minimum Pulse Width 'clock'
Slack : -2.174
TNS   : -76.358

------------------------------------------------------------
