------------------------------------------------------------
Timing Analyzer Summary
------------------------------------------------------------

Type  : Slow 1100mV 85C Model Setup 'clock'
Slack : -3.820
TNS   : -123.538

Type  : Slow 1100mV 85C Model Hold 'clock'
Slack : 0.516
TNS   : 0.000

Type  : Slow 1100mV 85C Model Minimum Pulse Width 'clock'
Slack : -0.724
TNS   : -55.563

Type  : Slow 1100mV 0C Model Setup 'clock'
Slack : -3.772
TNS   : -126.911

Type  : Slow 1100mV 0C Model Hold 'clock'
Slack : 0.538
TNS   : 0.000

Type  : Slow 1100mV 0C Model Minimum Pulse Width 'clock'
Slack : -0.724
TNS   : -55.623

Type  : Fast 1100mV 85C Model Setup 'clock'
Slack : -1.002
TNS   : -21.470

Type  : Fast 1100mV 85C Model Hold 'clock'
Slack : 0.199
TNS   : 0.000

Type  : Fast 1100mV 85C Model Minimum Pulse Width 'clock'
Slack : -0.089
TNS   : -4.323

Type  : Fast 1100mV 0C Model Setup 'clock'
Slack : -0.838
TNS   : -17.691

Type  : Fast 1100mV 0C Model Hold 'clock'
Slack : 0.191
TNS   : 0.000

Type  : Fast 1100mV 0C Model Minimum Pulse Width 'clock'
Slack : -0.090
TNS   : -4.358

------------------------------------------------------------
